
> rolitt-official@1.0.0 build
> next build --no-lint

 ⚠ Linting is disabled.
   ▲ Next.js 15.3.5
   - Environments: .env.local, .env.production

   Creating an optimized production build ...
 ✓ Compiled successfully in 8.0s
   Checking validity of types ...
   Collecting page data ...
Redis connected successfully
(node:66240) Warning: Setting the NODE_TLS_REJECT_UNAUTHORIZED environment variable to '0' makes TLS connections and HTTPS requests insecure by disabling certificate verification.
(Use `node --trace-warnings ...` to show where the warning was created)
   Generating static pages (0/160) ...
